gcc -g p3final.c -lm
 ./a.out
Enter a number:
3
it is a prime number
 gdb a.out
GNU gdb (Ubuntu 8.1.1-0ubuntu1) 8.1.1
Copyright (C) 2018 Free Software Foundation, Inc.
License GPLv3+: GNU GPL version 3 or later <http://gnu.org/licenses/gpl.html>
This is free software: you are free to change and redistribute it.
There is NO WARRANTY, to the extent permitted by law.  Type "show copying"
and "show warranty" for details.
This GDB was configured as "x86_64-linux-gnu".
Type "show configuration" for configuration details.
For bug reporting instructions, please see:
<http://www.gnu.org/software/gdb/bugs/>.
Find the GDB manual and other documentation resources online at:
<http://www.gnu.org/software/gdb/documentation/>.
For help, type "help".
Type "apropos word" to search for commands related to "word"...
Reading symbols from a.out...done.
(gdb) b main
Breakpoint 1 at 0x7ee: file p3final.c, line 42.
(gdb) r
Starting program: /home/runner/Test2Session2/a.out 
warning: Error disabling address space randomization: Operation not permitted

Breakpoint 1, main () at p3final.c:42
42    n=input_number();
(gdb) s
input_number () at p3final.c:6
6   {
(gdb) n
8     printf("Enter a number:\n");
(gdb) n
Enter a number:
9     scanf("%d",&a);
(gdb) n
3
10    return a;
(gdb) n
11  }
(gdb) p a
$1 = 3
(gdb) n
main () at p3final.c:43
43    q=is_prime(n);
(gdb) s
is_prime (n=3) at p3final.c:16
16     int count=0,i;
(gdb) n
17      for(i=2;i<=(n/2);i++)
(gdb) n
25    return count;
(gdb) n
26  } 
(gdb) n
main () at p3final.c:44
44    output(n,q);
(gdb) s
output (n=3, is_prime=0) at p3final.c:30
30    if(is_prime==0)
(gdb) n
32        printf("it is a prime number\n");
(gdb) n
it is a prime number
38  }
(gdb) n
main () at p3final.c:45
45    return 0;
(gdb) p 0
$2 = 0
(gdb) c
Continuing.
[Inferior 1 (process 219) exited normally]
(gdb) q
 
